Analysis & Synthesis report for CE4720_SimpleCPU
Tue May 19 19:08:24 2026
Quartus II 64-Bit Version 13.0.1 Build 232 06/12/2013 Service Pack 1 SJ Web Edition


---------------------
; Table of Contents ;
---------------------
  1. Legal Notice
  2. Analysis & Synthesis Summary
  3. Analysis & Synthesis Settings
  4. Parallel Compilation
  5. Analysis & Synthesis Source Files Read
  6. Analysis & Synthesis Resource Usage Summary
  7. Analysis & Synthesis Resource Utilization by Entity
  8. Analysis & Synthesis RAM Summary
  9. Analysis & Synthesis IP Cores Summary
 10. General Register Statistics
 11. Multiplexer Restructuring Statistics (Restructuring Performed)
 12. Source assignments for MicroMem:inst6|altsyncram:altsyncram_component|altsyncram_l1j1:auto_generated
 13. Source assignments for MainMainBlock:inst3|altsyncram:altsyncram_component|altsyncram_nsi1:auto_generated
 14. Parameter Settings for User Entity Instance: MicroMem:inst6|altsyncram:altsyncram_component
 15. Parameter Settings for User Entity Instance: MainMainBlock:inst3|altsyncram:altsyncram_component
 16. Parameter Settings for User Entity Instance: lpm_mux0:inst21|lpm_mux:LPM_MUX_component
 17. Parameter Settings for Inferred Entity Instance: ALUTest:inst12|lpm_add_sub:Add0
 18. altsyncram Parameter Settings by Entity Instance
 19. Elapsed Time Per Partition
 20. Analysis & Synthesis Messages



----------------
; Legal Notice ;
----------------
Copyright (C) 1991-2013 Altera Corporation
Your use of Altera Corporation's design tools, logic functions 
and other software and tools, and its AMPP partner logic 
functions, and any output files from any of the foregoing 
(including device programming or simulation files), and any 
associated documentation or information are expressly subject 
to the terms and conditions of the Altera Program License 
Subscription Agreement, Altera MegaCore Function License 
Agreement, or other applicable license agreement, including, 
without limitation, that your use is for the sole purpose of 
programming logic devices manufactured by Altera and sold by 
Altera or its authorized distributors.  Please refer to the 
applicable agreement for further details.



+--------------------------------------------------------------------------------------+
; Analysis & Synthesis Summary                                                         ;
+------------------------------------+-------------------------------------------------+
; Analysis & Synthesis Status        ; Successful - Tue May 19 19:08:24 2026           ;
; Quartus II 64-Bit Version          ; 13.0.1 Build 232 06/12/2013 SP 1 SJ Web Edition ;
; Revision Name                      ; CE4720_SimpleCPU                                ;
; Top-level Entity Name              ; CE4720_SimpleCPU                                ;
; Family                             ; Cyclone IV E                                    ;
; Total logic elements               ; 134                                             ;
;     Total combinational functions  ; 118                                             ;
;     Dedicated logic registers      ; 43                                              ;
; Total registers                    ; 43                                              ;
; Total pins                         ; 84                                              ;
; Total virtual pins                 ; 0                                               ;
; Total memory bits                  ; 256                                             ;
; Embedded Multiplier 9-bit elements ; 0                                               ;
; Total PLLs                         ; 0                                               ;
+------------------------------------+-------------------------------------------------+


+----------------------------------------------------------------------------------------------------------------------+
; Analysis & Synthesis Settings                                                                                        ;
+----------------------------------------------------------------------------+--------------------+--------------------+
; Option                                                                     ; Setting            ; Default Value      ;
+----------------------------------------------------------------------------+--------------------+--------------------+
; Device                                                                     ; EP4CE115F29C7      ;                    ;
; Top-level entity name                                                      ; CE4720_SimpleCPU   ; CE4720_SimpleCPU   ;
; Family name                                                                ; Cyclone IV E       ; Cyclone IV GX      ;
; Use smart compilation                                                      ; Off                ; Off                ;
; Enable parallel Assembler and TimeQuest Timing Analyzer during compilation ; On                 ; On                 ;
; Enable compact report table                                                ; Off                ; Off                ;
; Restructure Multiplexers                                                   ; Auto               ; Auto               ;
; Create Debugging Nodes for IP Cores                                        ; Off                ; Off                ;
; Preserve fewer node names                                                  ; On                 ; On                 ;
; Disable OpenCore Plus hardware evaluation                                  ; Off                ; Off                ;
; Verilog Version                                                            ; Verilog_2001       ; Verilog_2001       ;
; VHDL Version                                                               ; VHDL_1993          ; VHDL_1993          ;
; State Machine Processing                                                   ; Auto               ; Auto               ;
; Safe State Machine                                                         ; Off                ; Off                ;
; Extract Verilog State Machines                                             ; On                 ; On                 ;
; Extract VHDL State Machines                                                ; On                 ; On                 ;
; Ignore Verilog initial constructs                                          ; Off                ; Off                ;
; Iteration limit for constant Verilog loops                                 ; 5000               ; 5000               ;
; Iteration limit for non-constant Verilog loops                             ; 250                ; 250                ;
; Add Pass-Through Logic to Inferred RAMs                                    ; On                 ; On                 ;
; Infer RAMs from Raw Logic                                                  ; On                 ; On                 ;
; Parallel Synthesis                                                         ; On                 ; On                 ;
; DSP Block Balancing                                                        ; Auto               ; Auto               ;
; NOT Gate Push-Back                                                         ; On                 ; On                 ;
; Power-Up Don't Care                                                        ; On                 ; On                 ;
; Remove Redundant Logic Cells                                               ; Off                ; Off                ;
; Remove Duplicate Registers                                                 ; On                 ; On                 ;
; Ignore CARRY Buffers                                                       ; Off                ; Off                ;
; Ignore CASCADE Buffers                                                     ; Off                ; Off                ;
; Ignore GLOBAL Buffers                                                      ; Off                ; Off                ;
; Ignore ROW GLOBAL Buffers                                                  ; Off                ; Off                ;
; Ignore LCELL Buffers                                                       ; Off                ; Off                ;
; Ignore SOFT Buffers                                                        ; On                 ; On                 ;
; Limit AHDL Integers to 32 Bits                                             ; Off                ; Off                ;
; Optimization Technique                                                     ; Balanced           ; Balanced           ;
; Carry Chain Length                                                         ; 70                 ; 70                 ;
; Auto Carry Chains                                                          ; On                 ; On                 ;
; Auto Open-Drain Pins                                                       ; On                 ; On                 ;
; Perform WYSIWYG Primitive Resynthesis                                      ; Off                ; Off                ;
; Auto ROM Replacement                                                       ; On                 ; On                 ;
; Auto RAM Replacement                                                       ; On                 ; On                 ;
; Auto DSP Block Replacement                                                 ; On                 ; On                 ;
; Auto Shift Register Replacement                                            ; Auto               ; Auto               ;
; Allow Shift Register Merging across Hierarchies                            ; Auto               ; Auto               ;
; Auto Clock Enable Replacement                                              ; On                 ; On                 ;
; Strict RAM Replacement                                                     ; Off                ; Off                ;
; Allow Synchronous Control Signals                                          ; On                 ; On                 ;
; Force Use of Synchronous Clear Signals                                     ; Off                ; Off                ;
; Auto RAM Block Balancing                                                   ; On                 ; On                 ;
; Auto RAM to Logic Cell Conversion                                          ; Off                ; Off                ;
; Auto Resource Sharing                                                      ; Off                ; Off                ;
; Allow Any RAM Size For Recognition                                         ; Off                ; Off                ;
; Allow Any ROM Size For Recognition                                         ; Off                ; Off                ;
; Allow Any Shift Register Size For Recognition                              ; Off                ; Off                ;
; Use LogicLock Constraints during Resource Balancing                        ; On                 ; On                 ;
; Ignore translate_off and synthesis_off directives                          ; Off                ; Off                ;
; Timing-Driven Synthesis                                                    ; On                 ; On                 ;
; Report Parameter Settings                                                  ; On                 ; On                 ;
; Report Source Assignments                                                  ; On                 ; On                 ;
; Report Connectivity Checks                                                 ; On                 ; On                 ;
; Ignore Maximum Fan-Out Assignments                                         ; Off                ; Off                ;
; Synchronization Register Chain Length                                      ; 2                  ; 2                  ;
; PowerPlay Power Optimization                                               ; Normal compilation ; Normal compilation ;
; HDL message level                                                          ; Level2             ; Level2             ;
; Suppress Register Optimization Related Messages                            ; Off                ; Off                ;
; Number of Removed Registers Reported in Synthesis Report                   ; 5000               ; 5000               ;
; Number of Swept Nodes Reported in Synthesis Report                         ; 5000               ; 5000               ;
; Number of Inverted Registers Reported in Synthesis Report                  ; 100                ; 100                ;
; Clock MUX Protection                                                       ; On                 ; On                 ;
; Auto Gated Clock Conversion                                                ; Off                ; Off                ;
; Block Design Naming                                                        ; Auto               ; Auto               ;
; SDC constraint protection                                                  ; Off                ; Off                ;
; Synthesis Effort                                                           ; Auto               ; Auto               ;
; Shift Register Replacement - Allow Asynchronous Clear Signal               ; On                 ; On                 ;
; Pre-Mapping Resynthesis Optimization                                       ; Off                ; Off                ;
; Analysis & Synthesis Message Level                                         ; Medium             ; Medium             ;
; Disable Register Merging Across Hierarchies                                ; Auto               ; Auto               ;
; Resource Aware Inference For Block RAM                                     ; On                 ; On                 ;
; Synthesis Seed                                                             ; 1                  ; 1                  ;
+----------------------------------------------------------------------------+--------------------+--------------------+


Parallel compilation was disabled, but you have multiple processors available. Enable parallel compilation to reduce compilation time.
+-------------------------------------+
; Parallel Compilation                ;
+----------------------------+--------+
; Processors                 ; Number ;
+----------------------------+--------+
; Number detected on machine ; 8      ;
; Maximum allowed            ; 1      ;
+----------------------------+--------+


+----------------------------------------------------------------------------------------------------------------------------------------------------------------------------------------------------------------------------+
; Analysis & Synthesis Source Files Read                                                                                                                                                                                     ;
+----------------------------------+-----------------+------------------------------------+------------------------------------------------------------------------------------------------------------------------+---------+
; File Name with User-Entered Path ; Used in Netlist ; File Type                          ; File Name with Absolute Path                                                                                           ; Library ;
+----------------------------------+-----------------+------------------------------------+------------------------------------------------------------------------------------------------------------------------+---------+
; MainMainBlock.v                  ; yes             ; User Wizard-Generated File         ; C:/Users/jorda/Downloads/CE4720_SimpleCPU(noreg4) (2)/CE4720_SimpleCPU(noreg4)/CE4720_SimpleCPU/MainMainBlock.v        ;         ;
; MicroMem.mif                     ; yes             ; User Memory Initialization File    ; C:/Users/jorda/Downloads/CE4720_SimpleCPU(noreg4) (2)/CE4720_SimpleCPU(noreg4)/CE4720_SimpleCPU/MicroMem.mif           ;         ;
; reg8.v                           ; yes             ; User Verilog HDL File              ; C:/Users/jorda/Downloads/CE4720_SimpleCPU(noreg4) (2)/CE4720_SimpleCPU(noreg4)/CE4720_SimpleCPU/reg8.v                 ;         ;
; map_logic.v                      ; yes             ; User Verilog HDL File              ; C:/Users/jorda/Downloads/CE4720_SimpleCPU(noreg4) (2)/CE4720_SimpleCPU(noreg4)/CE4720_SimpleCPU/map_logic.v            ;         ;
; microcode 1.v                    ; yes             ; User Verilog HDL File              ; C:/Users/jorda/Downloads/CE4720_SimpleCPU(noreg4) (2)/CE4720_SimpleCPU(noreg4)/CE4720_SimpleCPU/microcode 1.v          ;         ;
; CE4720_SimpleCPU.bdf             ; yes             ; User Block Diagram/Schematic File  ; C:/Users/jorda/Downloads/CE4720_SimpleCPU(noreg4) (2)/CE4720_SimpleCPU(noreg4)/CE4720_SimpleCPU/CE4720_SimpleCPU.bdf   ;         ;
; Alu.v                            ; yes             ; User Verilog HDL File              ; C:/Users/jorda/Downloads/CE4720_SimpleCPU(noreg4) (2)/CE4720_SimpleCPU(noreg4)/CE4720_SimpleCPU/Alu.v                  ;         ;
; PCreg8.v                         ; yes             ; User Verilog HDL File              ; C:/Users/jorda/Downloads/CE4720_SimpleCPU(noreg4) (2)/CE4720_SimpleCPU(noreg4)/CE4720_SimpleCPU/PCreg8.v               ;         ;
; MainMem.mif                      ; yes             ; User Memory Initialization File    ; C:/Users/jorda/Downloads/CE4720_SimpleCPU(noreg4) (2)/CE4720_SimpleCPU(noreg4)/CE4720_SimpleCPU/MainMem.mif            ;         ;
; IRreg3.v                         ; yes             ; User Verilog HDL File              ; C:/Users/jorda/Downloads/CE4720_SimpleCPU(noreg4) (2)/CE4720_SimpleCPU(noreg4)/CE4720_SimpleCPU/IRreg3.v               ;         ;
; ARreg8.v                         ; yes             ; User Verilog HDL File              ; C:/Users/jorda/Downloads/CE4720_SimpleCPU(noreg4) (2)/CE4720_SimpleCPU(noreg4)/CE4720_SimpleCPU/ARreg8.v               ;         ;
; MicroMem.v                       ; yes             ; User Wizard-Generated File         ; C:/Users/jorda/Downloads/CE4720_SimpleCPU(noreg4) (2)/CE4720_SimpleCPU(noreg4)/CE4720_SimpleCPU/MicroMem.v             ;         ;
; MDcounter5.v                     ; yes             ; User Verilog HDL File              ; C:/Users/jorda/Downloads/CE4720_SimpleCPU(noreg4) (2)/CE4720_SimpleCPU(noreg4)/CE4720_SimpleCPU/MDcounter5.v           ;         ;
; lpm_mux0.v                       ; yes             ; User Wizard-Generated File         ; C:/Users/jorda/Downloads/CE4720_SimpleCPU(noreg4) (2)/CE4720_SimpleCPU(noreg4)/CE4720_SimpleCPU/lpm_mux0.v             ;         ;
; altsyncram.tdf                   ; yes             ; Megafunction                       ; c:/altera/13.0sp1/quartus/libraries/megafunctions/altsyncram.tdf                                                       ;         ;
; stratix_ram_block.inc            ; yes             ; Megafunction                       ; c:/altera/13.0sp1/quartus/libraries/megafunctions/stratix_ram_block.inc                                                ;         ;
; lpm_mux.inc                      ; yes             ; Megafunction                       ; c:/altera/13.0sp1/quartus/libraries/megafunctions/lpm_mux.inc                                                          ;         ;
; lpm_decode.inc                   ; yes             ; Megafunction                       ; c:/altera/13.0sp1/quartus/libraries/megafunctions/lpm_decode.inc                                                       ;         ;
; aglobal130.inc                   ; yes             ; Megafunction                       ; c:/altera/13.0sp1/quartus/libraries/megafunctions/aglobal130.inc                                                       ;         ;
; a_rdenreg.inc                    ; yes             ; Megafunction                       ; c:/altera/13.0sp1/quartus/libraries/megafunctions/a_rdenreg.inc                                                        ;         ;
; altrom.inc                       ; yes             ; Megafunction                       ; c:/altera/13.0sp1/quartus/libraries/megafunctions/altrom.inc                                                           ;         ;
; altram.inc                       ; yes             ; Megafunction                       ; c:/altera/13.0sp1/quartus/libraries/megafunctions/altram.inc                                                           ;         ;
; altdpram.inc                     ; yes             ; Megafunction                       ; c:/altera/13.0sp1/quartus/libraries/megafunctions/altdpram.inc                                                         ;         ;
; db/altsyncram_l1j1.tdf           ; yes             ; Auto-Generated Megafunction        ; C:/Users/jorda/Downloads/CE4720_SimpleCPU(noreg4) (2)/CE4720_SimpleCPU(noreg4)/CE4720_SimpleCPU/db/altsyncram_l1j1.tdf ;         ;
; db/altsyncram_nsi1.tdf           ; yes             ; Auto-Generated Megafunction        ; C:/Users/jorda/Downloads/CE4720_SimpleCPU(noreg4) (2)/CE4720_SimpleCPU(noreg4)/CE4720_SimpleCPU/db/altsyncram_nsi1.tdf ;         ;
; lpm_mux.tdf                      ; yes             ; Megafunction                       ; c:/altera/13.0sp1/quartus/libraries/megafunctions/lpm_mux.tdf                                                          ;         ;
; muxlut.inc                       ; yes             ; Megafunction                       ; c:/altera/13.0sp1/quartus/libraries/megafunctions/muxlut.inc                                                           ;         ;
; bypassff.inc                     ; yes             ; Megafunction                       ; c:/altera/13.0sp1/quartus/libraries/megafunctions/bypassff.inc                                                         ;         ;
; altshift.inc                     ; yes             ; Megafunction                       ; c:/altera/13.0sp1/quartus/libraries/megafunctions/altshift.inc                                                         ;         ;
; db/mux_brc.tdf                   ; yes             ; Auto-Generated Megafunction        ; C:/Users/jorda/Downloads/CE4720_SimpleCPU(noreg4) (2)/CE4720_SimpleCPU(noreg4)/CE4720_SimpleCPU/db/mux_brc.tdf         ;         ;
; lpm_add_sub.tdf                  ; yes             ; Megafunction                       ; c:/altera/13.0sp1/quartus/libraries/megafunctions/lpm_add_sub.tdf                                                      ;         ;
; addcore.inc                      ; yes             ; Megafunction                       ; c:/altera/13.0sp1/quartus/libraries/megafunctions/addcore.inc                                                          ;         ;
; look_add.inc                     ; yes             ; Megafunction                       ; c:/altera/13.0sp1/quartus/libraries/megafunctions/look_add.inc                                                         ;         ;
; alt_stratix_add_sub.inc          ; yes             ; Megafunction                       ; c:/altera/13.0sp1/quartus/libraries/megafunctions/alt_stratix_add_sub.inc                                              ;         ;
; db/add_sub_cui.tdf               ; yes             ; Auto-Generated Megafunction        ; C:/Users/jorda/Downloads/CE4720_SimpleCPU(noreg4) (2)/CE4720_SimpleCPU(noreg4)/CE4720_SimpleCPU/db/add_sub_cui.tdf     ;         ;
+----------------------------------+-----------------+------------------------------------+------------------------------------------------------------------------------------------------------------------------+---------+


+------------------------------------------------------+
; Analysis & Synthesis Resource Usage Summary          ;
+---------------------------------------------+--------+
; Resource                                    ; Usage  ;
+---------------------------------------------+--------+
; Estimated Total logic elements              ; 134    ;
;                                             ;        ;
; Total combinational functions               ; 118    ;
; Logic element usage by number of LUT inputs ;        ;
;     -- 4 input functions                    ; 56     ;
;     -- 3 input functions                    ; 30     ;
;     -- <=2 input functions                  ; 32     ;
;                                             ;        ;
; Logic elements by mode                      ;        ;
;     -- normal mode                          ; 99     ;
;     -- arithmetic mode                      ; 19     ;
;                                             ;        ;
; Total registers                             ; 43     ;
;     -- Dedicated logic registers            ; 43     ;
;     -- I/O registers                        ; 0      ;
;                                             ;        ;
; I/O pins                                    ; 84     ;
; Total memory bits                           ; 256    ;
; Embedded Multiplier 9-bit elements          ; 0      ;
; Maximum fan-out node                        ; inst10 ;
; Maximum fan-out                             ; 35     ;
; Total fan-out                               ; 775    ;
; Average fan-out                             ; 2.30   ;
+---------------------------------------------+--------+


+-----------------------------------------------------------------------------------------------------------------------------------------------------------------------------------------------------------------------------------------------------------------------------+
; Analysis & Synthesis Resource Utilization by Entity                                                                                                                                                                                                                         ;
+-------------------------------------------+-------------------+--------------+-------------+--------------+---------+-----------+------+--------------+------------------------------------------------------------------------------------------------------+--------------+
; Compilation Hierarchy Node                ; LC Combinationals ; LC Registers ; Memory Bits ; DSP Elements ; DSP 9x9 ; DSP 18x18 ; Pins ; Virtual Pins ; Full Hierarchy Name                                                                                  ; Library Name ;
+-------------------------------------------+-------------------+--------------+-------------+--------------+---------+-----------+------+--------------+------------------------------------------------------------------------------------------------------+--------------+
; |CE4720_SimpleCPU                         ; 118 (40)          ; 43 (0)       ; 256         ; 0            ; 0       ; 0         ; 84   ; 0            ; |CE4720_SimpleCPU                                                                                    ; work         ;
;    |ALUTest:inst12|                       ; 20 (3)            ; 1 (1)        ; 0           ; 0            ; 0       ; 0         ; 0    ; 0            ; |CE4720_SimpleCPU|ALUTest:inst12                                                                     ; work         ;
;       |lpm_add_sub:Add0|                  ; 17 (0)            ; 0 (0)        ; 0           ; 0            ; 0       ; 0         ; 0    ; 0            ; |CE4720_SimpleCPU|ALUTest:inst12|lpm_add_sub:Add0                                                    ; work         ;
;          |add_sub_cui:auto_generated|     ; 17 (17)           ; 0 (0)        ; 0           ; 0            ; 0       ; 0         ; 0    ; 0            ; |CE4720_SimpleCPU|ALUTest:inst12|lpm_add_sub:Add0|add_sub_cui:auto_generated                         ; work         ;
;    |ARreg8:inst2|                         ; 0 (0)             ; 5 (5)        ; 0           ; 0            ; 0       ; 0         ; 0    ; 0            ; |CE4720_SimpleCPU|ARreg8:inst2                                                                       ; work         ;
;    |IRreg3:inst13|                        ; 1 (1)             ; 3 (3)        ; 0           ; 0            ; 0       ; 0         ; 0    ; 0            ; |CE4720_SimpleCPU|IRreg3:inst13                                                                      ; work         ;
;    |MDcounter5:inst9|                     ; 5 (5)             ; 5 (5)        ; 0           ; 0            ; 0       ; 0         ; 0    ; 0            ; |CE4720_SimpleCPU|MDcounter5:inst9                                                                   ; work         ;
;    |MainMainBlock:inst3|                  ; 0 (0)             ; 0 (0)        ; 256         ; 0            ; 0       ; 0         ; 0    ; 0            ; |CE4720_SimpleCPU|MainMainBlock:inst3                                                                ; work         ;
;       |altsyncram:altsyncram_component|   ; 0 (0)             ; 0 (0)        ; 256         ; 0            ; 0       ; 0         ; 0    ; 0            ; |CE4720_SimpleCPU|MainMainBlock:inst3|altsyncram:altsyncram_component                                ; work         ;
;          |altsyncram_nsi1:auto_generated| ; 0 (0)             ; 0 (0)        ; 256         ; 0            ; 0       ; 0         ; 0    ; 0            ; |CE4720_SimpleCPU|MainMainBlock:inst3|altsyncram:altsyncram_component|altsyncram_nsi1:auto_generated ; work         ;
;    |PCreg8:inst27|                        ; 9 (9)             ; 8 (8)        ; 0           ; 0            ; 0       ; 0         ; 0    ; 0            ; |CE4720_SimpleCPU|PCreg8:inst27                                                                      ; work         ;
;    |lpm_mux0:inst21|                      ; 5 (0)             ; 0 (0)        ; 0           ; 0            ; 0       ; 0         ; 0    ; 0            ; |CE4720_SimpleCPU|lpm_mux0:inst21                                                                    ; work         ;
;       |lpm_mux:LPM_MUX_component|         ; 5 (0)             ; 0 (0)        ; 0           ; 0            ; 0       ; 0         ; 0    ; 0            ; |CE4720_SimpleCPU|lpm_mux0:inst21|lpm_mux:LPM_MUX_component                                          ; work         ;
;          |mux_brc:auto_generated|         ; 5 (5)             ; 0 (0)        ; 0           ; 0            ; 0       ; 0         ; 0    ; 0            ; |CE4720_SimpleCPU|lpm_mux0:inst21|lpm_mux:LPM_MUX_component|mux_brc:auto_generated                   ; work         ;
;    |map_logic:inst|                       ; 17 (17)           ; 5 (5)        ; 0           ; 0            ; 0       ; 0         ; 0    ; 0            ; |CE4720_SimpleCPU|map_logic:inst                                                                     ; work         ;
;    |microcode_rom:inst4|                  ; 21 (21)           ; 0 (0)        ; 0           ; 0            ; 0       ; 0         ; 0    ; 0            ; |CE4720_SimpleCPU|microcode_rom:inst4                                                                ; work         ;
;    |reg8:AC|                              ; 0 (0)             ; 8 (8)        ; 0           ; 0            ; 0       ; 0         ; 0    ; 0            ; |CE4720_SimpleCPU|reg8:AC                                                                            ; work         ;
;    |reg8:DR|                              ; 0 (0)             ; 8 (8)        ; 0           ; 0            ; 0       ; 0         ; 0    ; 0            ; |CE4720_SimpleCPU|reg8:DR                                                                            ; work         ;
+-------------------------------------------+-------------------+--------------+-------------+--------------+---------+-----------+------+--------------+------------------------------------------------------------------------------------------------------+--------------+
Note: For table entries with two numbers listed, the numbers in parentheses indicate the number of resources of the given type used by the specific entity alone. The numbers listed outside of parentheses indicate the total resources of the given type used by the specific entity and all of its sub-entities in the hierarchy.


+-----------------------------------------------------------------------------------------------------------------------------------------------------------------------------------------------------+
; Analysis & Synthesis RAM Summary                                                                                                                                                                    ;
+-----------------------------------------------------------------------------------------------+------+-------------+--------------+--------------+--------------+--------------+------+-------------+
; Name                                                                                          ; Type ; Mode        ; Port A Depth ; Port A Width ; Port B Depth ; Port B Width ; Size ; MIF         ;
+-----------------------------------------------------------------------------------------------+------+-------------+--------------+--------------+--------------+--------------+------+-------------+
; MainMainBlock:inst3|altsyncram:altsyncram_component|altsyncram_nsi1:auto_generated|ALTSYNCRAM ; AUTO ; Single Port ; 32           ; 8            ; --           ; --           ; 256  ; MainMem.mif ;
+-----------------------------------------------------------------------------------------------+------+-------------+--------------+--------------+--------------+--------------+------+-------------+


+-------------------------------------------------------------------------------------------------------------------------------------------------------------------------------------------------------------------------+
; Analysis & Synthesis IP Cores Summary                                                                                                                                                                                   ;
+--------+--------------+---------+--------------+--------------+---------------------------------------+-----------------------------------------------------------------------------------------------------------------+
; Vendor ; IP Core Name ; Version ; Release Date ; License Type ; Entity Instance                       ; IP Include File                                                                                                 ;
+--------+--------------+---------+--------------+--------------+---------------------------------------+-----------------------------------------------------------------------------------------------------------------+
; Altera ; RAM: 1-PORT  ; N/A     ; N/A          ; N/A          ; |CE4720_SimpleCPU|MainMainBlock:inst3 ; C:/Users/jorda/Downloads/CE4720_SimpleCPU(noreg4) (2)/CE4720_SimpleCPU(noreg4)/CE4720_SimpleCPU/MainMainBlock.v ;
; Altera ; RAM: 1-PORT  ; 13.0    ; N/A          ; N/A          ; |CE4720_SimpleCPU|MicroMem:inst6      ; C:/Users/jorda/Downloads/CE4720_SimpleCPU(noreg4) (2)/CE4720_SimpleCPU(noreg4)/CE4720_SimpleCPU/MicroMem.v      ;
; Altera ; LPM_MUX      ; 13.0    ; N/A          ; N/A          ; |CE4720_SimpleCPU|lpm_mux0:inst21     ; C:/Users/jorda/Downloads/CE4720_SimpleCPU(noreg4) (2)/CE4720_SimpleCPU(noreg4)/CE4720_SimpleCPU/lpm_mux0.v      ;
+--------+--------------+---------+--------------+--------------+---------------------------------------+-----------------------------------------------------------------------------------------------------------------+


+------------------------------------------------------+
; General Register Statistics                          ;
+----------------------------------------------+-------+
; Statistic                                    ; Value ;
+----------------------------------------------+-------+
; Total registers                              ; 43    ;
; Number of registers using Synchronous Clear  ; 10    ;
; Number of registers using Synchronous Load   ; 8     ;
; Number of registers using Asynchronous Clear ; 13    ;
; Number of registers using Asynchronous Load  ; 0     ;
; Number of registers using Clock Enable       ; 24    ;
; Number of registers using Preset             ; 0     ;
+----------------------------------------------+-------+


+----------------------------------------------------------------------------------------------------------------------------------------------------+
; Multiplexer Restructuring Statistics (Restructuring Performed)                                                                                     ;
+--------------------+-----------+---------------+----------------------+------------------------+------------+--------------------------------------+
; Multiplexer Inputs ; Bus Width ; Baseline Area ; Area if Restructured ; Saving if Restructured ; Registered ; Example Multiplexer Output           ;
+--------------------+-----------+---------------+----------------------+------------------------+------------+--------------------------------------+
; 4:1                ; 3 bits    ; 6 LEs         ; 6 LEs                ; 0 LEs                  ; Yes        ; |CE4720_SimpleCPU|PCreg8:inst27|q[7] ;
; 4:1                ; 5 bits    ; 10 LEs        ; 10 LEs               ; 0 LEs                  ; Yes        ; |CE4720_SimpleCPU|PCreg8:inst27|q[4] ;
+--------------------+-----------+---------------+----------------------+------------------------+------------+--------------------------------------+


+------------------------------------------------------------------------------------------------------+
; Source assignments for MicroMem:inst6|altsyncram:altsyncram_component|altsyncram_l1j1:auto_generated ;
+---------------------------------+--------------------+------+----------------------------------------+
; Assignment                      ; Value              ; From ; To                                     ;
+---------------------------------+--------------------+------+----------------------------------------+
; OPTIMIZE_POWER_DURING_SYNTHESIS ; NORMAL_COMPILATION ; -    ; -                                      ;
+---------------------------------+--------------------+------+----------------------------------------+


+-----------------------------------------------------------------------------------------------------------+
; Source assignments for MainMainBlock:inst3|altsyncram:altsyncram_component|altsyncram_nsi1:auto_generated ;
+---------------------------------+--------------------+------+---------------------------------------------+
; Assignment                      ; Value              ; From ; To                                          ;
+---------------------------------+--------------------+------+---------------------------------------------+
; OPTIMIZE_POWER_DURING_SYNTHESIS ; NORMAL_COMPILATION ; -    ; -                                           ;
+---------------------------------+--------------------+------+---------------------------------------------+


+---------------------------------------------------------------------------------------------+
; Parameter Settings for User Entity Instance: MicroMem:inst6|altsyncram:altsyncram_component ;
+------------------------------------+----------------------+---------------------------------+
; Parameter Name                     ; Value                ; Type                            ;
+------------------------------------+----------------------+---------------------------------+
; BYTE_SIZE_BLOCK                    ; 8                    ; Untyped                         ;
; AUTO_CARRY_CHAINS                  ; ON                   ; AUTO_CARRY                      ;
; IGNORE_CARRY_BUFFERS               ; OFF                  ; IGNORE_CARRY                    ;
; AUTO_CASCADE_CHAINS                ; ON                   ; AUTO_CASCADE                    ;
; IGNORE_CASCADE_BUFFERS             ; OFF                  ; IGNORE_CASCADE                  ;
; WIDTH_BYTEENA                      ; 1                    ; Untyped                         ;
; OPERATION_MODE                     ; SINGLE_PORT          ; Untyped                         ;
; WIDTH_A                            ; 10                   ; Signed Integer                  ;
; WIDTHAD_A                          ; 5                    ; Signed Integer                  ;
; NUMWORDS_A                         ; 32                   ; Signed Integer                  ;
; OUTDATA_REG_A                      ; UNREGISTERED         ; Untyped                         ;
; ADDRESS_ACLR_A                     ; NONE                 ; Untyped                         ;
; OUTDATA_ACLR_A                     ; NONE                 ; Untyped                         ;
; WRCONTROL_ACLR_A                   ; NONE                 ; Untyped                         ;
; INDATA_ACLR_A                      ; NONE                 ; Untyped                         ;
; BYTEENA_ACLR_A                     ; NONE                 ; Untyped                         ;
; WIDTH_B                            ; 1                    ; Untyped                         ;
; WIDTHAD_B                          ; 1                    ; Untyped                         ;
; NUMWORDS_B                         ; 1                    ; Untyped                         ;
; INDATA_REG_B                       ; CLOCK1               ; Untyped                         ;
; WRCONTROL_WRADDRESS_REG_B          ; CLOCK1               ; Untyped                         ;
; RDCONTROL_REG_B                    ; CLOCK1               ; Untyped                         ;
; ADDRESS_REG_B                      ; CLOCK1               ; Untyped                         ;
; OUTDATA_REG_B                      ; UNREGISTERED         ; Untyped                         ;
; BYTEENA_REG_B                      ; CLOCK1               ; Untyped                         ;
; INDATA_ACLR_B                      ; NONE                 ; Untyped                         ;
; WRCONTROL_ACLR_B                   ; NONE                 ; Untyped                         ;
; ADDRESS_ACLR_B                     ; NONE                 ; Untyped                         ;
; OUTDATA_ACLR_B                     ; NONE                 ; Untyped                         ;
; RDCONTROL_ACLR_B                   ; NONE                 ; Untyped                         ;
; BYTEENA_ACLR_B                     ; NONE                 ; Untyped                         ;
; WIDTH_BYTEENA_A                    ; 1                    ; Signed Integer                  ;
; WIDTH_BYTEENA_B                    ; 1                    ; Untyped                         ;
; RAM_BLOCK_TYPE                     ; AUTO                 ; Untyped                         ;
; BYTE_SIZE                          ; 8                    ; Untyped                         ;
; READ_DURING_WRITE_MODE_MIXED_PORTS ; DONT_CARE            ; Untyped                         ;
; READ_DURING_WRITE_MODE_PORT_A      ; NEW_DATA_NO_NBE_READ ; Untyped                         ;
; READ_DURING_WRITE_MODE_PORT_B      ; NEW_DATA_NO_NBE_READ ; Untyped                         ;
; INIT_FILE                          ; MicroMem.mif         ; Untyped                         ;
; INIT_FILE_LAYOUT                   ; PORT_A               ; Untyped                         ;
; MAXIMUM_DEPTH                      ; 0                    ; Untyped                         ;
; CLOCK_ENABLE_INPUT_A               ; BYPASS               ; Untyped                         ;
; CLOCK_ENABLE_INPUT_B               ; NORMAL               ; Untyped                         ;
; CLOCK_ENABLE_OUTPUT_A              ; BYPASS               ; Untyped                         ;
; CLOCK_ENABLE_OUTPUT_B              ; NORMAL               ; Untyped                         ;
; CLOCK_ENABLE_CORE_A                ; USE_INPUT_CLKEN      ; Untyped                         ;
; CLOCK_ENABLE_CORE_B                ; USE_INPUT_CLKEN      ; Untyped                         ;
; ENABLE_ECC                         ; FALSE                ; Untyped                         ;
; ECC_PIPELINE_STAGE_ENABLED         ; FALSE                ; Untyped                         ;
; WIDTH_ECCSTATUS                    ; 3                    ; Untyped                         ;
; DEVICE_FAMILY                      ; Cyclone IV E         ; Untyped                         ;
; CBXI_PARAMETER                     ; altsyncram_l1j1      ; Untyped                         ;
+------------------------------------+----------------------+---------------------------------+
Note: In order to hide this table in the UI and the text report file, please set the "Show Parameter Settings in Synthesis Report" option in "Analysis and Synthesis Settings -> More Settings" to "Off".


+--------------------------------------------------------------------------------------------------+
; Parameter Settings for User Entity Instance: MainMainBlock:inst3|altsyncram:altsyncram_component ;
+------------------------------------+----------------------+--------------------------------------+
; Parameter Name                     ; Value                ; Type                                 ;
+------------------------------------+----------------------+--------------------------------------+
; BYTE_SIZE_BLOCK                    ; 8                    ; Untyped                              ;
; AUTO_CARRY_CHAINS                  ; ON                   ; AUTO_CARRY                           ;
; IGNORE_CARRY_BUFFERS               ; OFF                  ; IGNORE_CARRY                         ;
; AUTO_CASCADE_CHAINS                ; ON                   ; AUTO_CASCADE                         ;
; IGNORE_CASCADE_BUFFERS             ; OFF                  ; IGNORE_CASCADE                       ;
; WIDTH_BYTEENA                      ; 1                    ; Untyped                              ;
; OPERATION_MODE                     ; SINGLE_PORT          ; Untyped                              ;
; WIDTH_A                            ; 8                    ; Signed Integer                       ;
; WIDTHAD_A                          ; 5                    ; Signed Integer                       ;
; NUMWORDS_A                         ; 32                   ; Signed Integer                       ;
; OUTDATA_REG_A                      ; UNREGISTERED         ; Untyped                              ;
; ADDRESS_ACLR_A                     ; NONE                 ; Untyped                              ;
; OUTDATA_ACLR_A                     ; NONE                 ; Untyped                              ;
; WRCONTROL_ACLR_A                   ; NONE                 ; Untyped                              ;
; INDATA_ACLR_A                      ; NONE                 ; Untyped                              ;
; BYTEENA_ACLR_A                     ; NONE                 ; Untyped                              ;
; WIDTH_B                            ; 1                    ; Untyped                              ;
; WIDTHAD_B                          ; 1                    ; Untyped                              ;
; NUMWORDS_B                         ; 1                    ; Untyped                              ;
; INDATA_REG_B                       ; CLOCK1               ; Untyped                              ;
; WRCONTROL_WRADDRESS_REG_B          ; CLOCK1               ; Untyped                              ;
; RDCONTROL_REG_B                    ; CLOCK1               ; Untyped                              ;
; ADDRESS_REG_B                      ; CLOCK1               ; Untyped                              ;
; OUTDATA_REG_B                      ; UNREGISTERED         ; Untyped                              ;
; BYTEENA_REG_B                      ; CLOCK1               ; Untyped                              ;
; INDATA_ACLR_B                      ; NONE                 ; Untyped                              ;
; WRCONTROL_ACLR_B                   ; NONE                 ; Untyped                              ;
; ADDRESS_ACLR_B                     ; NONE                 ; Untyped                              ;
; OUTDATA_ACLR_B                     ; NONE                 ; Untyped                              ;
; RDCONTROL_ACLR_B                   ; NONE                 ; Untyped                              ;
; BYTEENA_ACLR_B                     ; NONE                 ; Untyped                              ;
; WIDTH_BYTEENA_A                    ; 1                    ; Signed Integer                       ;
; WIDTH_BYTEENA_B                    ; 1                    ; Untyped                              ;
; RAM_BLOCK_TYPE                     ; AUTO                 ; Untyped                              ;
; BYTE_SIZE                          ; 8                    ; Untyped                              ;
; READ_DURING_WRITE_MODE_MIXED_PORTS ; DONT_CARE            ; Untyped                              ;
; READ_DURING_WRITE_MODE_PORT_A      ; NEW_DATA_NO_NBE_READ ; Untyped                              ;
; READ_DURING_WRITE_MODE_PORT_B      ; NEW_DATA_NO_NBE_READ ; Untyped                              ;
; INIT_FILE                          ; MainMem.mif          ; Untyped                              ;
; INIT_FILE_LAYOUT                   ; PORT_A               ; Untyped                              ;
; MAXIMUM_DEPTH                      ; 0                    ; Untyped                              ;
; CLOCK_ENABLE_INPUT_A               ; BYPASS               ; Untyped                              ;
; CLOCK_ENABLE_INPUT_B               ; NORMAL               ; Untyped                              ;
; CLOCK_ENABLE_OUTPUT_A              ; BYPASS               ; Untyped                              ;
; CLOCK_ENABLE_OUTPUT_B              ; NORMAL               ; Untyped                              ;
; CLOCK_ENABLE_CORE_A                ; USE_INPUT_CLKEN      ; Untyped                              ;
; CLOCK_ENABLE_CORE_B                ; USE_INPUT_CLKEN      ; Untyped                              ;
; ENABLE_ECC                         ; FALSE                ; Untyped                              ;
; ECC_PIPELINE_STAGE_ENABLED         ; FALSE                ; Untyped                              ;
; WIDTH_ECCSTATUS                    ; 3                    ; Untyped                              ;
; DEVICE_FAMILY                      ; Cyclone IV E         ; Untyped                              ;
; CBXI_PARAMETER                     ; altsyncram_nsi1      ; Untyped                              ;
+------------------------------------+----------------------+--------------------------------------+
Note: In order to hide this table in the UI and the text report file, please set the "Show Parameter Settings in Synthesis Report" option in "Analysis and Synthesis Settings -> More Settings" to "Off".


+----------------------------------------------------------------------------------------+
; Parameter Settings for User Entity Instance: lpm_mux0:inst21|lpm_mux:LPM_MUX_component ;
+------------------------+--------------+------------------------------------------------+
; Parameter Name         ; Value        ; Type                                           ;
+------------------------+--------------+------------------------------------------------+
; AUTO_CARRY_CHAINS      ; ON           ; AUTO_CARRY                                     ;
; IGNORE_CARRY_BUFFERS   ; OFF          ; IGNORE_CARRY                                   ;
; AUTO_CASCADE_CHAINS    ; ON           ; AUTO_CASCADE                                   ;
; IGNORE_CASCADE_BUFFERS ; OFF          ; IGNORE_CASCADE                                 ;
; LPM_WIDTH              ; 5            ; Signed Integer                                 ;
; LPM_SIZE               ; 2            ; Signed Integer                                 ;
; LPM_WIDTHS             ; 1            ; Signed Integer                                 ;
; LPM_PIPELINE           ; 0            ; Untyped                                        ;
; CBXI_PARAMETER         ; mux_brc      ; Untyped                                        ;
; DEVICE_FAMILY          ; Cyclone IV E ; Untyped                                        ;
+------------------------+--------------+------------------------------------------------+
Note: In order to hide this table in the UI and the text report file, please set the "Show Parameter Settings in Synthesis Report" option in "Analysis and Synthesis Settings -> More Settings" to "Off".


+----------------------------------------------------------------------------------+
; Parameter Settings for Inferred Entity Instance: ALUTest:inst12|lpm_add_sub:Add0 ;
+------------------------+--------------+------------------------------------------+
; Parameter Name         ; Value        ; Type                                     ;
+------------------------+--------------+------------------------------------------+
; LPM_WIDTH              ; 8            ; Untyped                                  ;
; LPM_REPRESENTATION     ; UNSIGNED     ; Untyped                                  ;
; LPM_DIRECTION          ; DEFAULT      ; Untyped                                  ;
; ONE_INPUT_IS_CONSTANT  ; NO           ; Untyped                                  ;
; LPM_PIPELINE           ; 0            ; Untyped                                  ;
; MAXIMIZE_SPEED         ; 5            ; Untyped                                  ;
; REGISTERED_AT_END      ; 0            ; Untyped                                  ;
; OPTIMIZE_FOR_SPEED     ; 5            ; Untyped                                  ;
; USE_CS_BUFFERS         ; 1            ; Untyped                                  ;
; CARRY_CHAIN            ; MANUAL       ; Untyped                                  ;
; CARRY_CHAIN_LENGTH     ; 48           ; CARRY_CHAIN_LENGTH                       ;
; DEVICE_FAMILY          ; Cyclone IV E ; Untyped                                  ;
; USE_WYS                ; OFF          ; Untyped                                  ;
; STYLE                  ; FAST         ; Untyped                                  ;
; CBXI_PARAMETER         ; add_sub_cui  ; Untyped                                  ;
; AUTO_CARRY_CHAINS      ; ON           ; AUTO_CARRY                               ;
; IGNORE_CARRY_BUFFERS   ; OFF          ; IGNORE_CARRY                             ;
; AUTO_CASCADE_CHAINS    ; ON           ; AUTO_CASCADE                             ;
; IGNORE_CASCADE_BUFFERS ; OFF          ; IGNORE_CASCADE                           ;
+------------------------+--------------+------------------------------------------+
Note: In order to hide this table in the UI and the text report file, please set the "Show Parameter Settings in Synthesis Report" option in "Analysis and Synthesis Settings -> More Settings" to "Off".


+-------------------------------------------------------------------------------------------------+
; altsyncram Parameter Settings by Entity Instance                                                ;
+-------------------------------------------+-----------------------------------------------------+
; Name                                      ; Value                                               ;
+-------------------------------------------+-----------------------------------------------------+
; Number of entity instances                ; 2                                                   ;
; Entity Instance                           ; MicroMem:inst6|altsyncram:altsyncram_component      ;
;     -- OPERATION_MODE                     ; SINGLE_PORT                                         ;
;     -- WIDTH_A                            ; 10                                                  ;
;     -- NUMWORDS_A                         ; 32                                                  ;
;     -- OUTDATA_REG_A                      ; UNREGISTERED                                        ;
;     -- WIDTH_B                            ; 1                                                   ;
;     -- NUMWORDS_B                         ; 1                                                   ;
;     -- ADDRESS_REG_B                      ; CLOCK1                                              ;
;     -- OUTDATA_REG_B                      ; UNREGISTERED                                        ;
;     -- RAM_BLOCK_TYPE                     ; AUTO                                                ;
;     -- READ_DURING_WRITE_MODE_MIXED_PORTS ; DONT_CARE                                           ;
; Entity Instance                           ; MainMainBlock:inst3|altsyncram:altsyncram_component ;
;     -- OPERATION_MODE                     ; SINGLE_PORT                                         ;
;     -- WIDTH_A                            ; 8                                                   ;
;     -- NUMWORDS_A                         ; 32                                                  ;
;     -- OUTDATA_REG_A                      ; UNREGISTERED                                        ;
;     -- WIDTH_B                            ; 1                                                   ;
;     -- NUMWORDS_B                         ; 1                                                   ;
;     -- ADDRESS_REG_B                      ; CLOCK1                                              ;
;     -- OUTDATA_REG_B                      ; UNREGISTERED                                        ;
;     -- RAM_BLOCK_TYPE                     ; AUTO                                                ;
;     -- READ_DURING_WRITE_MODE_MIXED_PORTS ; DONT_CARE                                           ;
+-------------------------------------------+-----------------------------------------------------+


+-------------------------------+
; Elapsed Time Per Partition    ;
+----------------+--------------+
; Partition Name ; Elapsed Time ;
+----------------+--------------+
; Top            ; 00:00:00     ;
+----------------+--------------+


+-------------------------------+
; Analysis & Synthesis Messages ;
+-------------------------------+
Info: *******************************************************************
Info: Running Quartus II 64-Bit Analysis & Synthesis
    Info: Version 13.0.1 Build 232 06/12/2013 Service Pack 1 SJ Web Edition
    Info: Processing started: Tue May 19 19:08:20 2026
Info: Command: quartus_map --read_settings_files=on --write_settings_files=off CE4720_SimpleCPU -c CE4720_SimpleCPU
Warning (20028): Parallel compilation is not licensed and has been disabled
Info (12021): Found 1 design units, including 1 entities, in source file mainmainblock.v
    Info (12023): Found entity 1: MainMainBlock
Info (12021): Found 1 design units, including 1 entities, in source file reg8.v
    Info (12023): Found entity 1: reg8
Info (12021): Found 1 design units, including 1 entities, in source file map_logic.v
    Info (12023): Found entity 1: map_logic
Info (12021): Found 1 design units, including 1 entities, in source file microcode 1.v
    Info (12023): Found entity 1: microcode_rom
Info (12021): Found 1 design units, including 1 entities, in source file ce4720_simplecpu.bdf
    Info (12023): Found entity 1: CE4720_SimpleCPU
Info (12021): Found 1 design units, including 1 entities, in source file reg4.v
    Info (12023): Found entity 1: reg4
Info (12021): Found 1 design units, including 1 entities, in source file alu.v
    Info (12023): Found entity 1: ALUTest
Info (12021): Found 1 design units, including 1 entities, in source file pcreg8.v
    Info (12023): Found entity 1: PCreg8
Info (12021): Found 1 design units, including 1 entities, in source file busbuffersigs.v
    Info (12023): Found entity 1: BusBufferSigs
Info (12021): Found 1 design units, including 1 entities, in source file irreg3.v
    Info (12023): Found entity 1: IRreg3
Info (12021): Found 1 design units, including 1 entities, in source file arreg8.v
    Info (12023): Found entity 1: ARreg8
Info (12021): Found 1 design units, including 1 entities, in source file micromem.v
    Info (12023): Found entity 1: MicroMem
Info (12021): Found 1 design units, including 1 entities, in source file md_addr_mux.v
    Info (12023): Found entity 1: MD_addr_mux
Info (12021): Found 1 design units, including 1 entities, in source file md_counter.v
    Info (12023): Found entity 1: MD_counter
Info (12021): Found 1 design units, including 1 entities, in source file mdcounter5.v
    Info (12023): Found entity 1: MDcounter5
Info (12021): Found 1 design units, including 1 entities, in source file lpm_mux0.v
    Info (12023): Found entity 1: lpm_mux0
Info (12021): Found 1 design units, including 1 entities, in source file reg4test.v
    Info (12023): Found entity 1: reg4test
Info (12127): Elaborating entity "CE4720_SimpleCPU" for the top level hierarchy
Warning (275011): Block or symbol "ARreg8" of instance "inst2" overlaps another block or symbol
Info (12128): Elaborating entity "IRreg3" for hierarchy "IRreg3:inst13"
Info (12128): Elaborating entity "microcode_rom" for hierarchy "microcode_rom:inst4"
Info (12128): Elaborating entity "map_logic" for hierarchy "map_logic:inst"
Info (12128): Elaborating entity "MicroMem" for hierarchy "MicroMem:inst6"
Info (12128): Elaborating entity "altsyncram" for hierarchy "MicroMem:inst6|altsyncram:altsyncram_component"
Info (12130): Elaborated megafunction instantiation "MicroMem:inst6|altsyncram:altsyncram_component"
Info (12133): Instantiated megafunction "MicroMem:inst6|altsyncram:altsyncram_component" with the following parameter:
    Info (12134): Parameter "clock_enable_input_a" = "BYPASS"
    Info (12134): Parameter "clock_enable_output_a" = "BYPASS"
    Info (12134): Parameter "init_file" = "MicroMem.mif"
    Info (12134): Parameter "intended_device_family" = "Cyclone IV E"
    Info (12134): Parameter "lpm_hint" = "ENABLE_RUNTIME_MOD=NO"
    Info (12134): Parameter "lpm_type" = "altsyncram"
    Info (12134): Parameter "numwords_a" = "32"
    Info (12134): Parameter "operation_mode" = "SINGLE_PORT"
    Info (12134): Parameter "outdata_aclr_a" = "NONE"
    Info (12134): Parameter "outdata_reg_a" = "UNREGISTERED"
    Info (12134): Parameter "power_up_uninitialized" = "FALSE"
    Info (12134): Parameter "read_during_write_mode_port_a" = "NEW_DATA_NO_NBE_READ"
    Info (12134): Parameter "widthad_a" = "5"
    Info (12134): Parameter "width_a" = "10"
    Info (12134): Parameter "width_byteena_a" = "1"
Info (12021): Found 1 design units, including 1 entities, in source file db/altsyncram_l1j1.tdf
    Info (12023): Found entity 1: altsyncram_l1j1
Info (12128): Elaborating entity "altsyncram_l1j1" for hierarchy "MicroMem:inst6|altsyncram:altsyncram_component|altsyncram_l1j1:auto_generated"
Info (12128): Elaborating entity "reg8" for hierarchy "reg8:DR"
Info (12128): Elaborating entity "ALUTest" for hierarchy "ALUTest:inst12"
Info (12128): Elaborating entity "PCreg8" for hierarchy "PCreg8:inst27"
Info (12128): Elaborating entity "ARreg8" for hierarchy "ARreg8:inst2"
Info (12128): Elaborating entity "MainMainBlock" for hierarchy "MainMainBlock:inst3"
Info (12128): Elaborating entity "altsyncram" for hierarchy "MainMainBlock:inst3|altsyncram:altsyncram_component"
Info (12130): Elaborated megafunction instantiation "MainMainBlock:inst3|altsyncram:altsyncram_component"
Info (12133): Instantiated megafunction "MainMainBlock:inst3|altsyncram:altsyncram_component" with the following parameter:
    Info (12134): Parameter "clock_enable_input_a" = "BYPASS"
    Info (12134): Parameter "clock_enable_output_a" = "BYPASS"
    Info (12134): Parameter "init_file" = "MainMem.mif"
    Info (12134): Parameter "intended_device_family" = "Cyclone IV E"
    Info (12134): Parameter "lpm_hint" = "ENABLE_RUNTIME_MOD=NO"
    Info (12134): Parameter "lpm_type" = "altsyncram"
    Info (12134): Parameter "numwords_a" = "32"
    Info (12134): Parameter "operation_mode" = "SINGLE_PORT"
    Info (12134): Parameter "outdata_aclr_a" = "NONE"
    Info (12134): Parameter "outdata_reg_a" = "UNREGISTERED"
    Info (12134): Parameter "power_up_uninitialized" = "FALSE"
    Info (12134): Parameter "read_during_write_mode_port_a" = "NEW_DATA_NO_NBE_READ"
    Info (12134): Parameter "widthad_a" = "5"
    Info (12134): Parameter "width_a" = "8"
    Info (12134): Parameter "width_byteena_a" = "1"
Info (12021): Found 1 design units, including 1 entities, in source file db/altsyncram_nsi1.tdf
    Info (12023): Found entity 1: altsyncram_nsi1
Info (12128): Elaborating entity "altsyncram_nsi1" for hierarchy "MainMainBlock:inst3|altsyncram:altsyncram_component|altsyncram_nsi1:auto_generated"
Info (12128): Elaborating entity "lpm_mux0" for hierarchy "lpm_mux0:inst21"
Info (12128): Elaborating entity "lpm_mux" for hierarchy "lpm_mux0:inst21|lpm_mux:LPM_MUX_component"
Info (12130): Elaborated megafunction instantiation "lpm_mux0:inst21|lpm_mux:LPM_MUX_component"
Info (12133): Instantiated megafunction "lpm_mux0:inst21|lpm_mux:LPM_MUX_component" with the following parameter:
    Info (12134): Parameter "lpm_size" = "2"
    Info (12134): Parameter "lpm_type" = "LPM_MUX"
    Info (12134): Parameter "lpm_width" = "5"
    Info (12134): Parameter "lpm_widths" = "1"
Info (12021): Found 1 design units, including 1 entities, in source file db/mux_brc.tdf
    Info (12023): Found entity 1: mux_brc
Info (12128): Elaborating entity "mux_brc" for hierarchy "lpm_mux0:inst21|lpm_mux:LPM_MUX_component|mux_brc:auto_generated"
Info (12128): Elaborating entity "MDcounter5" for hierarchy "MDcounter5:inst9"
Warning (14284): Synthesized away the following node(s):
    Warning (14285): Synthesized away the following RAM node(s):
        Warning (14320): Synthesized away node "MicroMem:inst6|altsyncram:altsyncram_component|altsyncram_l1j1:auto_generated|q_a[0]"
        Warning (14320): Synthesized away node "MicroMem:inst6|altsyncram:altsyncram_component|altsyncram_l1j1:auto_generated|q_a[1]"
        Warning (14320): Synthesized away node "MicroMem:inst6|altsyncram:altsyncram_component|altsyncram_l1j1:auto_generated|q_a[2]"
        Warning (14320): Synthesized away node "MicroMem:inst6|altsyncram:altsyncram_component|altsyncram_l1j1:auto_generated|q_a[3]"
        Warning (14320): Synthesized away node "MicroMem:inst6|altsyncram:altsyncram_component|altsyncram_l1j1:auto_generated|q_a[4]"
        Warning (14320): Synthesized away node "MicroMem:inst6|altsyncram:altsyncram_component|altsyncram_l1j1:auto_generated|q_a[5]"
        Warning (14320): Synthesized away node "MicroMem:inst6|altsyncram:altsyncram_component|altsyncram_l1j1:auto_generated|q_a[6]"
        Warning (14320): Synthesized away node "MicroMem:inst6|altsyncram:altsyncram_component|altsyncram_l1j1:auto_generated|q_a[7]"
        Warning (14320): Synthesized away node "MicroMem:inst6|altsyncram:altsyncram_component|altsyncram_l1j1:auto_generated|q_a[8]"
        Warning (14320): Synthesized away node "MicroMem:inst6|altsyncram:altsyncram_component|altsyncram_l1j1:auto_generated|q_a[9]"
Info (278001): Inferred 1 megafunctions from design logic
    Info (278002): Inferred adder/subtractor megafunction ("lpm_add_sub") from the following logic: "ALUTest:inst12|Add0"
Info (12130): Elaborated megafunction instantiation "ALUTest:inst12|lpm_add_sub:Add0"
Info (12133): Instantiated megafunction "ALUTest:inst12|lpm_add_sub:Add0" with the following parameter:
    Info (12134): Parameter "LPM_WIDTH" = "8"
    Info (12134): Parameter "LPM_DIRECTION" = "DEFAULT"
    Info (12134): Parameter "LPM_REPRESENTATION" = "UNSIGNED"
    Info (12134): Parameter "ONE_INPUT_IS_CONSTANT" = "NO"
Info (12021): Found 1 design units, including 1 entities, in source file db/add_sub_cui.tdf
    Info (12023): Found entity 1: add_sub_cui
Warning (13046): Tri-state node(s) do not directly drive top-level pin(s)
    Warning (13047): Converted the fan-out from the tri-state buffer "inst17[7]" to the node "MainMainBlock:inst3|altsyncram:altsyncram_component|altsyncram_nsi1:auto_generated|q_a[7]" into an OR gate
    Warning (13047): Converted the fan-out from the tri-state buffer "inst17[6]" to the node "MainMainBlock:inst3|altsyncram:altsyncram_component|altsyncram_nsi1:auto_generated|q_a[6]" into an OR gate
    Warning (13047): Converted the fan-out from the tri-state buffer "inst17[5]" to the node "MainMainBlock:inst3|altsyncram:altsyncram_component|altsyncram_nsi1:auto_generated|q_a[5]" into an OR gate
    Warning (13047): Converted the fan-out from the tri-state buffer "inst17[4]" to the node "MainMainBlock:inst3|altsyncram:altsyncram_component|altsyncram_nsi1:auto_generated|q_a[4]" into an OR gate
    Warning (13047): Converted the fan-out from the tri-state buffer "inst17[3]" to the node "MainMainBlock:inst3|altsyncram:altsyncram_component|altsyncram_nsi1:auto_generated|q_a[3]" into an OR gate
    Warning (13047): Converted the fan-out from the tri-state buffer "inst17[2]" to the node "MainMainBlock:inst3|altsyncram:altsyncram_component|altsyncram_nsi1:auto_generated|q_a[2]" into an OR gate
    Warning (13047): Converted the fan-out from the tri-state buffer "inst17[1]" to the node "MainMainBlock:inst3|altsyncram:altsyncram_component|altsyncram_nsi1:auto_generated|q_a[1]" into an OR gate
    Warning (13047): Converted the fan-out from the tri-state buffer "inst17[0]" to the node "MainMainBlock:inst3|altsyncram:altsyncram_component|altsyncram_nsi1:auto_generated|q_a[0]" into an OR gate
Warning (13024): Output pins are stuck at VCC or GND
    Warning (13410): Pin "ALUSEL[1]" is stuck at GND
    Warning (13410): Pin "PCload" is stuck at GND
Info (286030): Timing-Driven Synthesis is running
Info (16010): Generating hard_block partition "hard_block:auto_generated_inst"
    Info (16011): Adding 0 node(s), including 0 DDIO, 0 PLL, 0 transceiver and 0 LCELL
Info (21057): Implemented 234 device resources after synthesis - the final resource count might be different
    Info (21058): Implemented 2 input pins
    Info (21059): Implemented 82 output pins
    Info (21061): Implemented 142 logic cells
    Info (21064): Implemented 8 RAM segments
Info: Quartus II 64-Bit Analysis & Synthesis was successful. 0 errors, 26 warnings
    Info: Peak virtual memory: 4631 megabytes
    Info: Processing ended: Tue May 19 19:08:24 2026
    Info: Elapsed time: 00:00:04
    Info: Total CPU time (on all processors): 00:00:03


