Analysis & Synthesis report for CE4720_SimpleCPU
Sat May 09 20:46:52 2026
Quartus II 64-Bit Version 13.0.1 Build 232 06/12/2013 Service Pack 1 SJ Web Edition


---------------------
; Table of Contents ;
---------------------
  1. Legal Notice
  2. Analysis & Synthesis Summary
  3. Analysis & Synthesis Settings
  4. Parallel Compilation
  5. Analysis & Synthesis Source Files Read
  6. Analysis & Synthesis Resource Usage Summary
  7. Analysis & Synthesis Resource Utilization by Entity
  8. Registers Removed During Synthesis
  9. Removed Registers Triggering Further Register Optimizations
 10. General Register Statistics
 11. Source assignments for ALTMEM_INIT:inst6|meminit_q1v:auto_generated|altsyncram_kvq:int_rom
 12. Parameter Settings for User Entity Instance: ALTMEM_INIT:inst6
 13. Elapsed Time Per Partition
 14. Analysis & Synthesis Messages



----------------
; Legal Notice ;
----------------
Copyright (C) 1991-2013 Altera Corporation
Your use of Altera Corporation's design tools, logic functions 
and other software and tools, and its AMPP partner logic 
functions, and any output files from any of the foregoing 
(including device programming or simulation files), and any 
associated documentation or information are expressly subject 
to the terms and conditions of the Altera Program License 
Subscription Agreement, Altera MegaCore Function License 
Agreement, or other applicable license agreement, including, 
without limitation, that your use is for the sole purpose of 
programming logic devices manufactured by Altera and sold by 
Altera or its authorized distributors.  Please refer to the 
applicable agreement for further details.



+--------------------------------------------------------------------------------------+
; Analysis & Synthesis Summary                                                         ;
+------------------------------------+-------------------------------------------------+
; Analysis & Synthesis Status        ; Successful - Sat May 09 20:46:52 2026           ;
; Quartus II 64-Bit Version          ; 13.0.1 Build 232 06/12/2013 SP 1 SJ Web Edition ;
; Revision Name                      ; CE4720_SimpleCPU                                ;
; Top-level Entity Name              ; CE4720_SimpleCPU                                ;
; Family                             ; Cyclone IV E                                    ;
; Total logic elements               ; 0                                               ;
;     Total combinational functions  ; 0                                               ;
;     Dedicated logic registers      ; 0                                               ;
; Total registers                    ; 0                                               ;
; Total pins                         ; 1                                               ;
; Total virtual pins                 ; 0                                               ;
; Total memory bits                  ; 0                                               ;
; Embedded Multiplier 9-bit elements ; 0                                               ;
; Total PLLs                         ; 0                                               ;
+------------------------------------+-------------------------------------------------+


+----------------------------------------------------------------------------------------------------------------------+
; Analysis & Synthesis Settings                                                                                        ;
+----------------------------------------------------------------------------+--------------------+--------------------+
; Option                                                                     ; Setting            ; Default Value      ;
+----------------------------------------------------------------------------+--------------------+--------------------+
; Device                                                                     ; EP4CE115F29C7      ;                    ;
; Top-level entity name                                                      ; CE4720_SimpleCPU   ; CE4720_SimpleCPU   ;
; Family name                                                                ; Cyclone IV E       ; Cyclone IV GX      ;
; Use smart compilation                                                      ; Off                ; Off                ;
; Enable parallel Assembler and TimeQuest Timing Analyzer during compilation ; On                 ; On                 ;
; Enable compact report table                                                ; Off                ; Off                ;
; Restructure Multiplexers                                                   ; Auto               ; Auto               ;
; Create Debugging Nodes for IP Cores                                        ; Off                ; Off                ;
; Preserve fewer node names                                                  ; On                 ; On                 ;
; Disable OpenCore Plus hardware evaluation                                  ; Off                ; Off                ;
; Verilog Version                                                            ; Verilog_2001       ; Verilog_2001       ;
; VHDL Version                                                               ; VHDL_1993          ; VHDL_1993          ;
; State Machine Processing                                                   ; Auto               ; Auto               ;
; Safe State Machine                                                         ; Off                ; Off                ;
; Extract Verilog State Machines                                             ; On                 ; On                 ;
; Extract VHDL State Machines                                                ; On                 ; On                 ;
; Ignore Verilog initial constructs                                          ; Off                ; Off                ;
; Iteration limit for constant Verilog loops                                 ; 5000               ; 5000               ;
; Iteration limit for non-constant Verilog loops                             ; 250                ; 250                ;
; Add Pass-Through Logic to Inferred RAMs                                    ; On                 ; On                 ;
; Infer RAMs from Raw Logic                                                  ; On                 ; On                 ;
; Parallel Synthesis                                                         ; On                 ; On                 ;
; DSP Block Balancing                                                        ; Auto               ; Auto               ;
; NOT Gate Push-Back                                                         ; On                 ; On                 ;
; Power-Up Don't Care                                                        ; On                 ; On                 ;
; Remove Redundant Logic Cells                                               ; Off                ; Off                ;
; Remove Duplicate Registers                                                 ; On                 ; On                 ;
; Ignore CARRY Buffers                                                       ; Off                ; Off                ;
; Ignore CASCADE Buffers                                                     ; Off                ; Off                ;
; Ignore GLOBAL Buffers                                                      ; Off                ; Off                ;
; Ignore ROW GLOBAL Buffers                                                  ; Off                ; Off                ;
; Ignore LCELL Buffers                                                       ; Off                ; Off                ;
; Ignore SOFT Buffers                                                        ; On                 ; On                 ;
; Limit AHDL Integers to 32 Bits                                             ; Off                ; Off                ;
; Optimization Technique                                                     ; Balanced           ; Balanced           ;
; Carry Chain Length                                                         ; 70                 ; 70                 ;
; Auto Carry Chains                                                          ; On                 ; On                 ;
; Auto Open-Drain Pins                                                       ; On                 ; On                 ;
; Perform WYSIWYG Primitive Resynthesis                                      ; Off                ; Off                ;
; Auto ROM Replacement                                                       ; On                 ; On                 ;
; Auto RAM Replacement                                                       ; On                 ; On                 ;
; Auto DSP Block Replacement                                                 ; On                 ; On                 ;
; Auto Shift Register Replacement                                            ; Auto               ; Auto               ;
; Allow Shift Register Merging across Hierarchies                            ; Auto               ; Auto               ;
; Auto Clock Enable Replacement                                              ; On                 ; On                 ;
; Strict RAM Replacement                                                     ; Off                ; Off                ;
; Allow Synchronous Control Signals                                          ; On                 ; On                 ;
; Force Use of Synchronous Clear Signals                                     ; Off                ; Off                ;
; Auto RAM Block Balancing                                                   ; On                 ; On                 ;
; Auto RAM to Logic Cell Conversion                                          ; Off                ; Off                ;
; Auto Resource Sharing                                                      ; Off                ; Off                ;
; Allow Any RAM Size For Recognition                                         ; Off                ; Off                ;
; Allow Any ROM Size For Recognition                                         ; Off                ; Off                ;
; Allow Any Shift Register Size For Recognition                              ; Off                ; Off                ;
; Use LogicLock Constraints during Resource Balancing                        ; On                 ; On                 ;
; Ignore translate_off and synthesis_off directives                          ; Off                ; Off                ;
; Timing-Driven Synthesis                                                    ; On                 ; On                 ;
; Report Parameter Settings                                                  ; On                 ; On                 ;
; Report Source Assignments                                                  ; On                 ; On                 ;
; Report Connectivity Checks                                                 ; On                 ; On                 ;
; Ignore Maximum Fan-Out Assignments                                         ; Off                ; Off                ;
; Synchronization Register Chain Length                                      ; 2                  ; 2                  ;
; PowerPlay Power Optimization                                               ; Normal compilation ; Normal compilation ;
; HDL message level                                                          ; Level2             ; Level2             ;
; Suppress Register Optimization Related Messages                            ; Off                ; Off                ;
; Number of Removed Registers Reported in Synthesis Report                   ; 5000               ; 5000               ;
; Number of Swept Nodes Reported in Synthesis Report                         ; 5000               ; 5000               ;
; Number of Inverted Registers Reported in Synthesis Report                  ; 100                ; 100                ;
; Clock MUX Protection                                                       ; On                 ; On                 ;
; Auto Gated Clock Conversion                                                ; Off                ; Off                ;
; Block Design Naming                                                        ; Auto               ; Auto               ;
; SDC constraint protection                                                  ; Off                ; Off                ;
; Synthesis Effort                                                           ; Auto               ; Auto               ;
; Shift Register Replacement - Allow Asynchronous Clear Signal               ; On                 ; On                 ;
; Pre-Mapping Resynthesis Optimization                                       ; Off                ; Off                ;
; Analysis & Synthesis Message Level                                         ; Medium             ; Medium             ;
; Disable Register Merging Across Hierarchies                                ; Auto               ; Auto               ;
; Resource Aware Inference For Block RAM                                     ; On                 ; On                 ;
; Synthesis Seed                                                             ; 1                  ; 1                  ;
+----------------------------------------------------------------------------+--------------------+--------------------+


Parallel compilation was disabled, but you have multiple processors available. Enable parallel compilation to reduce compilation time.
+-------------------------------------+
; Parallel Compilation                ;
+----------------------------+--------+
; Processors                 ; Number ;
+----------------------------+--------+
; Number detected on machine ; 8      ;
; Maximum allowed            ; 1      ;
+----------------------------+--------+


+-----------------------------------------------------------------------------------------------------------------------------------------------------------------------+
; Analysis & Synthesis Source Files Read                                                                                                                                ;
+----------------------------------+-----------------+------------------------------------+-------------------------------------------------------------------+---------+
; File Name with User-Entered Path ; Used in Netlist ; File Type                          ; File Name with Absolute Path                                      ; Library ;
+----------------------------------+-----------------+------------------------------------+-------------------------------------------------------------------+---------+
; reg8.v                           ; yes             ; User Verilog HDL File              ; C:/altera/13.0sp1/CE4720_SimpleCPU/reg8.v                         ;         ;
; map_logic.v                      ; yes             ; User Verilog HDL File              ; C:/altera/13.0sp1/CE4720_SimpleCPU/map_logic.v                    ;         ;
; microcode 1.v                    ; yes             ; User Verilog HDL File              ; C:/altera/13.0sp1/CE4720_SimpleCPU/microcode 1.v                  ;         ;
; CE4720_SimpleCPU.bdf             ; yes             ; User Block Diagram/Schematic File  ; C:/altera/13.0sp1/CE4720_SimpleCPU/CE4720_SimpleCPU.bdf           ;         ;
; reg4.v                           ; yes             ; User Verilog HDL File              ; C:/altera/13.0sp1/CE4720_SimpleCPU/reg4.v                         ;         ;
; Alu.v                            ; yes             ; User Verilog HDL File              ; C:/altera/13.0sp1/CE4720_SimpleCPU/Alu.v                          ;         ;
; PCreg8.v                         ; yes             ; User Verilog HDL File              ; C:/altera/13.0sp1/CE4720_SimpleCPU/PCreg8.v                       ;         ;
; BusBufferSigs.v                  ; yes             ; User Verilog HDL File              ; C:/altera/13.0sp1/CE4720_SimpleCPU/BusBufferSigs.v                ;         ;
; MainMem.mif                      ; yes             ; User Memory Initialization File    ; C:/altera/13.0sp1/CE4720_SimpleCPU/MainMem.mif                    ;         ;
; altmem_init.tdf                  ; yes             ; Megafunction                       ; c:/altera/13.0sp1/quartus/libraries/megafunctions/altmem_init.tdf ;         ;
; db/meminit_q1v.tdf               ; yes             ; Auto-Generated Megafunction        ; C:/altera/13.0sp1/CE4720_SimpleCPU/db/meminit_q1v.tdf             ;         ;
; db/altsyncram_kvq.tdf            ; yes             ; Auto-Generated Megafunction        ; C:/altera/13.0sp1/CE4720_SimpleCPU/db/altsyncram_kvq.tdf          ;         ;
; db/cntr_6ug.tdf                  ; yes             ; Auto-Generated Megafunction        ; C:/altera/13.0sp1/CE4720_SimpleCPU/db/cntr_6ug.tdf                ;         ;
; db/cntr_esg.tdf                  ; yes             ; Auto-Generated Megafunction        ; C:/altera/13.0sp1/CE4720_SimpleCPU/db/cntr_esg.tdf                ;         ;
; db/cmpr_ngc.tdf                  ; yes             ; Auto-Generated Megafunction        ; C:/altera/13.0sp1/CE4720_SimpleCPU/db/cmpr_ngc.tdf                ;         ;
+----------------------------------+-----------------+------------------------------------+-------------------------------------------------------------------+---------+


+-----------------------------------------------------+
; Analysis & Synthesis Resource Usage Summary         ;
+---------------------------------------------+-------+
; Resource                                    ; Usage ;
+---------------------------------------------+-------+
;                                             ;       ;
; Total combinational functions               ; 0     ;
; Logic element usage by number of LUT inputs ;       ;
;     -- 4 input functions                    ; 0     ;
;     -- 3 input functions                    ; 0     ;
;     -- <=2 input functions                  ; 0     ;
;                                             ;       ;
; Logic elements by mode                      ;       ;
;     -- normal mode                          ; 0     ;
;     -- arithmetic mode                      ; 0     ;
;                                             ;       ;
; Total registers                             ; 0     ;
;     -- Dedicated logic registers            ; 0     ;
;     -- I/O registers                        ; 0     ;
;                                             ;       ;
; I/O pins                                    ; 1     ;
; Embedded Multiplier 9-bit elements          ; 0     ;
; Maximum fan-out node                        ; Clock ;
; Maximum fan-out                             ; 1     ;
; Total fan-out                               ; 1     ;
; Average fan-out                             ; 0.50  ;
+---------------------------------------------+-------+


+-----------------------------------------------------------------------------------------------------------------------------------------------------------------------------+
; Analysis & Synthesis Resource Utilization by Entity                                                                                                                         ;
+----------------------------+-------------------+--------------+-------------+--------------+---------+-----------+------+--------------+---------------------+--------------+
; Compilation Hierarchy Node ; LC Combinationals ; LC Registers ; Memory Bits ; DSP Elements ; DSP 9x9 ; DSP 18x18 ; Pins ; Virtual Pins ; Full Hierarchy Name ; Library Name ;
+----------------------------+-------------------+--------------+-------------+--------------+---------+-----------+------+--------------+---------------------+--------------+
; |CE4720_SimpleCPU          ; 0 (0)             ; 0 (0)        ; 0           ; 0            ; 0       ; 0         ; 1    ; 0            ; |CE4720_SimpleCPU   ; work         ;
+----------------------------+-------------------+--------------+-------------+--------------+---------+-----------+------+--------------+---------------------+--------------+
Note: For table entries with two numbers listed, the numbers in parentheses indicate the number of resources of the given type used by the specific entity alone. The numbers listed outside of parentheses indicate the total resources of the given type used by the specific entity and all of its sub-entities in the hierarchy.


+-----------------------------------------------------------------------------------------------------------+
; Registers Removed During Synthesis                                                                        ;
+--------------------------------------------------------------------------------------+--------------------+
; Register name                                                                        ; Reason for Removal ;
+--------------------------------------------------------------------------------------+--------------------+
; altmem_init:inst6|meminit_q1v:auto_generated|capture_init[0]                         ; Lost fanout        ;
; altmem_init:inst6|meminit_q1v:auto_generated|delay_addr[0..4]                        ; Lost fanout        ;
; altmem_init:inst6|meminit_q1v:auto_generated|state_reg[0..2]                         ; Lost fanout        ;
; altmem_init:inst6|meminit_q1v:auto_generated|cntr_esg:wait_ctr|counter_reg_bit[0]    ; Lost fanout        ;
; altmem_init:inst6|meminit_q1v:auto_generated|cntr_6ug:addr_ctr|counter_reg_bit[0..4] ; Lost fanout        ;
; Total Number of Removed Registers = 15                                               ;                    ;
+--------------------------------------------------------------------------------------+--------------------+


+---------------------------------------------------------------------------------------------------------------------------------------------------------------------+
; Removed Registers Triggering Further Register Optimizations                                                                                                         ;
+------------------------------------------------------------+--------------------+-----------------------------------------------------------------------------------+
; Register name                                              ; Reason for Removal ; Registers Removed due to This Register                                            ;
+------------------------------------------------------------+--------------------+-----------------------------------------------------------------------------------+
; altmem_init:inst6|meminit_q1v:auto_generated|delay_addr[4] ; Lost Fanouts       ; altmem_init:inst6|meminit_q1v:auto_generated|cntr_6ug:addr_ctr|counter_reg_bit[4] ;
; altmem_init:inst6|meminit_q1v:auto_generated|delay_addr[3] ; Lost Fanouts       ; altmem_init:inst6|meminit_q1v:auto_generated|cntr_6ug:addr_ctr|counter_reg_bit[3] ;
; altmem_init:inst6|meminit_q1v:auto_generated|delay_addr[2] ; Lost Fanouts       ; altmem_init:inst6|meminit_q1v:auto_generated|cntr_6ug:addr_ctr|counter_reg_bit[2] ;
; altmem_init:inst6|meminit_q1v:auto_generated|delay_addr[1] ; Lost Fanouts       ; altmem_init:inst6|meminit_q1v:auto_generated|cntr_6ug:addr_ctr|counter_reg_bit[1] ;
; altmem_init:inst6|meminit_q1v:auto_generated|delay_addr[0] ; Lost Fanouts       ; altmem_init:inst6|meminit_q1v:auto_generated|cntr_6ug:addr_ctr|counter_reg_bit[0] ;
+------------------------------------------------------------+--------------------+-----------------------------------------------------------------------------------+


+------------------------------------------------------+
; General Register Statistics                          ;
+----------------------------------------------+-------+
; Statistic                                    ; Value ;
+----------------------------------------------+-------+
; Total registers                              ; 0     ;
; Number of registers using Synchronous Clear  ; 0     ;
; Number of registers using Synchronous Load   ; 0     ;
; Number of registers using Asynchronous Clear ; 0     ;
; Number of registers using Asynchronous Load  ; 0     ;
; Number of registers using Clock Enable       ; 0     ;
; Number of registers using Preset             ; 0     ;
+----------------------------------------------+-------+


+--------------------------------------------------------------------------------------------+
; Source assignments for ALTMEM_INIT:inst6|meminit_q1v:auto_generated|altsyncram_kvq:int_rom ;
+---------------------------------+--------------------+------+------------------------------+
; Assignment                      ; Value              ; From ; To                           ;
+---------------------------------+--------------------+------+------------------------------+
; OPTIMIZE_POWER_DURING_SYNTHESIS ; NORMAL_COMPILATION ; -    ; -                            ;
+---------------------------------+--------------------+------+------------------------------+


+----------------------------------------------------------------+
; Parameter Settings for User Entity Instance: ALTMEM_INIT:inst6 ;
+---------------------+-------------------+----------------------+
; Parameter Name      ; Value             ; Type                 ;
+---------------------+-------------------+----------------------+
; INIT_FILE           ; MainMem.MIF       ; Untyped              ;
; INIT_TO_ZERO        ; NO                ; Untyped              ;
; NUMWORDS            ; 32                ; Untyped              ;
; PORT_ROM_DATA_READY ; PORT_CONNECTIVITY ; Untyped              ;
; ROM_READ_LATENCY    ; 1                 ; Untyped              ;
; WIDTH               ; 8                 ; Untyped              ;
; WIDTHAD             ; 5                 ; Untyped              ;
; CBXI_PARAMETER      ; meminit_q1v       ; Untyped              ;
+---------------------+-------------------+----------------------+
Note: In order to hide this table in the UI and the text report file, please set the "Show Parameter Settings in Synthesis Report" option in "Analysis and Synthesis Settings -> More Settings" to "Off".


+-------------------------------+
; Elapsed Time Per Partition    ;
+----------------+--------------+
; Partition Name ; Elapsed Time ;
+----------------+--------------+
; Top            ; 00:00:00     ;
+----------------+--------------+


+-------------------------------+
; Analysis & Synthesis Messages ;
+-------------------------------+
Info: *******************************************************************
Info: Running Quartus II 64-Bit Analysis & Synthesis
    Info: Version 13.0.1 Build 232 06/12/2013 Service Pack 1 SJ Web Edition
    Info: Processing started: Sat May 09 20:46:49 2026
Info: Command: quartus_map --read_settings_files=on --write_settings_files=off CE4720_SimpleCPU -c CE4720_SimpleCPU
Warning (20028): Parallel compilation is not licensed and has been disabled
Info (12021): Found 1 design units, including 1 entities, in source file reg8.v
    Info (12023): Found entity 1: reg8
Warning (12019): Can't analyze file -- file microcode.v is missing
Info (12021): Found 1 design units, including 1 entities, in source file map_logic.v
    Info (12023): Found entity 1: map_logic
Info (12021): Found 1 design units, including 1 entities, in source file microcode 1.v
    Info (12023): Found entity 1: microcode_rom
Info (12021): Found 1 design units, including 1 entities, in source file ce4720_simplecpu.bdf
    Info (12023): Found entity 1: CE4720_SimpleCPU
Info (12021): Found 1 design units, including 1 entities, in source file reg4.v
    Info (12023): Found entity 1: reg4
Info (12021): Found 1 design units, including 1 entities, in source file alu.v
    Info (12023): Found entity 1: ALUTest
Info (12021): Found 1 design units, including 1 entities, in source file pcreg8.v
    Info (12023): Found entity 1: PCreg8
Info (12021): Found 1 design units, including 1 entities, in source file busbuffersigs.v
    Info (12023): Found entity 1: BusBufferSigs
Info (12127): Elaborating entity "CE4720_SimpleCPU" for the top level hierarchy
Warning (275006): Can't find a definition for parameter init_file -- assuming MainMem.MIF was intended to be a quoted string
Warning (275004): Undeclared parameter NO
Warning (275006): Can't find a definition for parameter init_to_zero -- assuming NO was intended to be a quoted string
Warning (275004): Undeclared parameter PORT_CONNECTIVITY
Warning (275006): Can't find a definition for parameter port_rom_data_ready -- assuming PORT_CONNECTIVITY was intended to be a quoted string
Info (12128): Elaborating entity "reg8" for hierarchy "reg8:AC"
Info (12128): Elaborating entity "microcode_rom" for hierarchy "microcode_rom:inst4"
Info (12128): Elaborating entity "reg4" for hierarchy "reg4:inst5"
Info (12128): Elaborating entity "map_logic" for hierarchy "map_logic:inst"
Info (12128): Elaborating entity "ALUTest" for hierarchy "ALUTest:inst12"
Warning (10034): Output port "Zflag" at Alu.v(8) has no driver
Info (12128): Elaborating entity "BusBufferSigs" for hierarchy "BusBufferSigs:inst19"
Warning (10272): Verilog HDL Case Statement warning at BusBufferSigs.v(65): case item expression covers a value already covered by a previous case item
Info (12128): Elaborating entity "PCreg8" for hierarchy "PCreg8:PC"
Warning (272007): MGL_INTERNAL_WARNING: ( The parameter value is not one of the pre-specified values in the value list.) altmem_init|PORT_ROM_DATA_READY The value assigned is PORT_CONNECTIVITY and the valid value list is PORT_UNUSED|PORT_USED
Info (12128): Elaborating entity "ALTMEM_INIT" for hierarchy "ALTMEM_INIT:inst6"
Info (12130): Elaborated megafunction instantiation "ALTMEM_INIT:inst6"
Info (12133): Instantiated megafunction "ALTMEM_INIT:inst6" with the following parameter:
    Info (12134): Parameter "init_file" = "MainMem.MIF"
    Info (12134): Parameter "init_to_zero" = "NO"
    Info (12134): Parameter "numwords" = "32"
    Info (12134): Parameter "port_rom_data_ready" = "PORT_CONNECTIVITY"
    Info (12134): Parameter "rom_read_latency" = "1"
    Info (12134): Parameter "width" = "8"
    Info (12134): Parameter "widthad" = "5"
Warning (287001): Assertion warning: MGL_INTERNAL_WARNING: ( The parameter value is not one of the pre-specified values in the value list.) altmem_init|PORT_ROM_DATA_READY The value assigned is PORT_CONNECTIVITY and the valid value list is PORT_UNUSED|PORT_USED
Info (12021): Found 1 design units, including 1 entities, in source file db/meminit_q1v.tdf
    Info (12023): Found entity 1: meminit_q1v
Info (12128): Elaborating entity "meminit_q1v" for hierarchy "ALTMEM_INIT:inst6|meminit_q1v:auto_generated"
Warning (287013): Variable or input pin "datain" is defined but never used.
Info (12021): Found 1 design units, including 1 entities, in source file db/altsyncram_kvq.tdf
    Info (12023): Found entity 1: altsyncram_kvq
Info (12128): Elaborating entity "altsyncram_kvq" for hierarchy "ALTMEM_INIT:inst6|meminit_q1v:auto_generated|altsyncram_kvq:int_rom"
Info (12021): Found 1 design units, including 1 entities, in source file db/cntr_6ug.tdf
    Info (12023): Found entity 1: cntr_6ug
Info (12128): Elaborating entity "cntr_6ug" for hierarchy "ALTMEM_INIT:inst6|meminit_q1v:auto_generated|cntr_6ug:addr_ctr"
Info (12021): Found 1 design units, including 1 entities, in source file db/cntr_esg.tdf
    Info (12023): Found entity 1: cntr_esg
Info (12128): Elaborating entity "cntr_esg" for hierarchy "ALTMEM_INIT:inst6|meminit_q1v:auto_generated|cntr_esg:wait_ctr"
Info (12021): Found 1 design units, including 1 entities, in source file db/cmpr_ngc.tdf
    Info (12023): Found entity 1: cmpr_ngc
Info (12128): Elaborating entity "cmpr_ngc" for hierarchy "ALTMEM_INIT:inst6|meminit_q1v:auto_generated|cntr_esg:wait_ctr|cmpr_ngc:cmpr4"
Warning (14284): Synthesized away the following node(s):
    Warning (14285): Synthesized away the following RAM node(s):
        Warning (14320): Synthesized away node "altmem_init:inst6|meminit_q1v:auto_generated|altsyncram_kvq:int_rom|q_a[0]"
        Warning (14320): Synthesized away node "altmem_init:inst6|meminit_q1v:auto_generated|altsyncram_kvq:int_rom|q_a[1]"
        Warning (14320): Synthesized away node "altmem_init:inst6|meminit_q1v:auto_generated|altsyncram_kvq:int_rom|q_a[2]"
        Warning (14320): Synthesized away node "altmem_init:inst6|meminit_q1v:auto_generated|altsyncram_kvq:int_rom|q_a[3]"
        Warning (14320): Synthesized away node "altmem_init:inst6|meminit_q1v:auto_generated|altsyncram_kvq:int_rom|q_a[4]"
        Warning (14320): Synthesized away node "altmem_init:inst6|meminit_q1v:auto_generated|altsyncram_kvq:int_rom|q_a[5]"
        Warning (14320): Synthesized away node "altmem_init:inst6|meminit_q1v:auto_generated|altsyncram_kvq:int_rom|q_a[6]"
        Warning (14320): Synthesized away node "altmem_init:inst6|meminit_q1v:auto_generated|altsyncram_kvq:int_rom|q_a[7]"
Info (17049): 15 registers lost all their fanouts during netlist optimizations.
Info (16010): Generating hard_block partition "hard_block:auto_generated_inst"
    Info (16011): Adding 0 node(s), including 0 DDIO, 0 PLL, 0 transceiver and 0 LCELL
Warning (21074): Design contains 1 input pin(s) that do not drive logic
    Warning (15610): No output dependent on input pin "Clock"
Info (21057): Implemented 1 device resources after synthesis - the final resource count might be different
    Info (21058): Implemented 1 input pins
    Info (21059): Implemented 0 output pins
Info: Quartus II 64-Bit Analysis & Synthesis was successful. 0 errors, 24 warnings
    Info: Peak virtual memory: 4620 megabytes
    Info: Processing ended: Sat May 09 20:46:52 2026
    Info: Elapsed time: 00:00:03
    Info: Total CPU time (on all processors): 00:00:02


